usbd_driver.h:10:43:IN_ENDPOINT	16	static
usbd_driver.h:16:44:OUT_ENDPOINT	16	static
usbd_driver.h:21:34:FIFO	16	static
usbd_driver.c:4:13:initialize_gpio_pins	4	static
usbd_driver.c:23:13:initialize_core	4	static
usbd_driver.c:63:13:connect	4	static
usbd_driver.c:73:13:disconnect	4	static
usbd_driver.c:85:13:read_packet	32	static
usbd_driver.c:111:13:write_packet	24	static
usbd_driver.c:139:13:refresh_fifo_start_addresses	16	static
usbd_driver.c:168:13:configure_rxfifo_size	16	static
usbd_driver.c:183:13:configure_txfifo_size	16	static
usbd_driver.c:209:13:flush_rxfifo	4	static
usbd_driver.c:216:13:flush_txfifo	16	static
usbd_driver.c:226:13:configure_endpoint0	24	static
usbd_driver.c:247:13:configure_in_endpoint	24	static
usbd_driver.c:262:13:deconfigure_endpoint	24	static
usbd_driver.c:305:13:usbrst_handler	16	static
usbd_driver.c:314:13:enumdne_handler	8	static
usbd_driver.c:320:13:rxflvl_handler	24	static
usbd_driver.c:353:13:gintsts_handler	16	static
