usbd_framework.c:12:6:usbd_initialize	16	static
usbd_framework.c:21:6:usbd_configure	8	static
usbd_framework.c:36:13:write_mouse_report	16	static
usbd_framework.c:58:13:process_standard_device_request	24	static
usbd_framework.c:106:13:process_class_interface_request	16	static
usbd_framework.c:118:13:process_standard_interface_request	16	static
usbd_framework.c:134:13:process_request	16	static
usbd_framework.c:153:13:process_control_transfer_stage	16	static
usbd_framework.c:199:13:usb_polled_handler	8	static
usbd_framework.c:205:13:in_transfer_completed_handler	16	static
usbd_framework.c:225:13:out_transfer_completed_handler	16	static
usbd_framework.c:230:6:usbd_poll	8	static
usbd_framework.c:235:13:usbrst_handler	8	static
usbd_framework.c:246:13:setup_data_received_handler	16	static
